{
    "user_name": "nobmurakita",
    "passward": "test"
}