{
    "user_name": "nobmurakita",
    "password": "test"
}